// Jest Snapshot v1, https://goo.gl/fbAQLP

exports[`source de app sem propriedades 1`] = `
<div
  className={undefined}
>
  Test Postcss app
</div>
`;
