// Jest Snapshot v1, https://goo.gl/fbAQLP

exports[`#Button Deve escrever source do Button 1`] = `
<button
  className="button"
  type="button"
>
  Button
</button>
`;
